<?xml version="1.0" encoding="UTF-8"?>
<testsuites name="jest tests" tests="2" failures="0" errors="0" time="0.587">
  <testsuite name="Home Component" errors="0" failures="0" skipped="0" timestamp="2026-09-17T22:16:37" time="0.325" tests="2">
    <testcase classname="Home Component should display olympics data" name="Home Component should display olympics data" time="0.022">
    </testcase>
    <testcase classname="Home Component should display multiple countries" name="Home Component should display multiple countries" time="0.003">
    </testcase>
  </testsuite>
</testsuites>